___
- FileName: 20190111-Linux未使用lvm的情况下进行分区扩容.md
- Author: ihuangch -huangch96@qq.com
- Description: ---
- Create:2019-01-11 13:16:26
___

### 背景
由于历史原因:  
公司一台gitlab服务器，1T的磁盘只分了200G的的主分区使用，并挂载至/data目录，由于现在磁盘使用率已达到80%，
所以需要对于/dev/xvdb1分区进行扩容。  
公司服务器是线上服务器，无法测试，所以我在本地虚拟机进行测试:
测试结果如下:

#### 测试结果

##### 使用的命令
- lsblk
- blkid
- df -h 查看磁盘使用情况
- fdisk -l 查看主机硬盘
- mkfs.ext4 /dev/sdb1
- mount/umount
- partprobe /dev/xxxx
- e2fsce -f /dev/xxxx1
- resize2fs /dev/xxxx1


#####  测试开始:
###### 1. 首先进行分区
使用 `fdisk` 分出5G，给磁盘/dev/sdb
```bash
[root@centos-112 ~]# fdisk /dev/sdb
Welcome to fdisk (util-linux 2.23.2).

Changes will remain in memory only, until you decide to write them.
Be careful before using the write command.


Command (m for help): n
Partition type:
   p   primary (0 primary, 0 extended, 4 free)
      e   extended
	  Select (default p): p
	  Partition number (1-4, default 1): 1
	  First sector (2048-41943039, default 2048): 
	  Using default value 2048
	  Last sector, +sectors or +size{K,M,G} (2048-41943039, default 41943039): +5G
	  Partition 1 of type Linux and of size 5 GiB is set

	  Command (m for help): w
	  The partition table has been altered!

	  Calling ioctl() to re-read partition table.
	  Syncing disks.
```

######  2. 格式化分区
使用 `mkfs.ext4` mkfs这个系列命令
```bash
[root@centos-112 ~]# mkfs.ext4 /dev/sdb1
mke2fs 1.42.9 (28-Dec-2013)
Filesystem label=
OS type: Linux
Block size=4096 (log=2)
Fragment size=4096 (log=2)
Stride=0 blocks, Stripe width=0 blocks
327680 inodes, 1310720 blocks
65536 blocks (5.00%) reserved for the super user
First data block=0
Maximum filesystem blocks=1342177280
40 block groups
32768 blocks per group, 32768 fragments per group
8192 inodes per group
Superblock backups stored on blocks: 
	32768, 98304, 163840, 229376, 294912, 819200, 884736

	Allocating group tables: done                            
	Writing inode tables: done                            
	Creating journal (32768 blocks): done
	Writing superblocks and filesystem accounting information: done 
```
###### 3. 查看分区详情
使用 `lsblk` 和 `blkid` 这两个命令
```bash
[root@centos-112 ~]# lsblk
NAME            MAJ:MIN RM  SIZE RO TYPE MOUNTPOINT
sda               8:0    0   20G  0 disk 
├─sda1            8:1    0    1G  0 part /boot
└─sda2            8:2    0   19G  0 part 
  ├─centos-root 253:0    0   18G  0 lvm  /
    └─centos-swap 253:1    0    1G  0 lvm  [SWAP]
	sdb               8:16   0   20G  0 disk 
	└─sdb1            8:17   0    5G  0 part 
	sr0              11:0    1 1024M  0 rom  

[root@centos-112 ~]# blkid
/dev/sda1: UUID="fb3e90b1-fd08-40c3-9001-b41f17937245" TYPE="xfs" 
/dev/sda2: UUID="PnKGtp-tiGi-aKZp-xDlI-Wp7N-CVdR-eKOU2F" TYPE="LVM2_member" 
/dev/mapper/centos-root: UUID="6d2419c9-b8d1-4a89-843a-813b8b6e503d" TYPE="xfs" 
/dev/mapper/centos-swap: UUID="c59f03ff-16a0-4967-99f3-936d78ce40bb" TYPE="swap" 
/dev/sdb1: UUID="eb9e7d62-3636-4e98-a3a1-7bd3e73f7942" TYPE="ext4" 
```

###### 4. 挂载分区，建立相关目录
```bash
[root@centos-112 ~]# mkdir /test
[root@centos-112 ~]# mount /dev/sdb1 /test 
[root@centos-112 ~]# echo 1111111 >> /test/testfile.txt
[root@centos-112 ~]# cat /test/testfile.txt
1111111
[root@centos-112 ~]# ls /test
lost+found  testfile.txt

# 查看分区相关信息
[root@centos-112 ~]# lsblk
NAME            MAJ:MIN RM  SIZE RO TYPE MOUNTPOINT
sda               8:0    0   20G  0 disk 
├─sda1            8:1    0    1G  0 part /boot
└─sda2            8:2    0   19G  0 part 
  ├─centos-root 253:0    0   18G  0 lvm  /
    └─centos-swap 253:1    0    1G  0 lvm  [SWAP]
	sdb               8:16   0   20G  0 disk 
	└─sdb1            8:17   0    5G  0 part /test
	sr0              11:0    1 1024M  0 rom  
[root@centos-112 ~]# df -h
Filesystem               Size  Used Avail Use% Mounted on
/dev/mapper/centos-root   18G  2.2G   16G  12% /
devtmpfs                 234M     0  234M   0% /dev
tmpfs                    245M     0  245M   0% /dev/shm
tmpfs                    245M  8.4M  236M   4% /run
tmpfs                    245M     0  245M   0% /sys/fs/cgroup
/dev/sda1               1014M  125M  890M  13% /boot
tmpfs                     49M     0   49M   0% /run/user/0
/dev/sdb1                4.8G   20M  4.6G   1% /test
```

###### 5. 进行扩容
**最好提前卸载分区，我给忘了这一步，在内核无法读取分区的时候，才想到没有卸载挂载点，最后虽然也成功了，但是应该会有风险的。**
```bash
### 注意，最好提前卸载分区
[root@centos-112 ~]# umount /test
## fdisk 重新分区
[root@centos-112 ~]# fdisk /dev/sdb

ot@centos-112 ~]# fdisk /dev/sdb
Welcome to fdisk (util-linux 2.23.2).

Changes will remain in memory only, until you decide to write them.
Be careful before using the write command.


Command (m for help): p

Disk /dev/sdb: 21.5 GB, 21474836480 bytes, 41943040 sectors
Units = sectors of 1 * 512 = 512 bytes
Sector size (logical/physical): 512 bytes / 512 bytes
I/O size (minimum/optimal): 512 bytes / 512 bytes
Disk label type: dos
Disk identifier: 0xd670c828

   Device Boot      Start         End      Blocks   Id  System
/dev/sdb1            2048    10487807     5242880   83  Linux   ## 注意未删除分区前的起始扇区

Command (m for help): d 
Selected partition 1
Partition 1 is deleted

Command (m for help): p

Disk /dev/sdb: 21.5 GB, 21474836480 bytes, 41943040 sectors
Units = sectors of 1 * 512 = 512 bytes
Sector size (logical/physical): 512 bytes / 512 bytes
I/O size (minimum/optimal): 512 bytes / 512 bytes
Disk label type: dos
Disk identifier: 0xd670c828

   Device Boot      Start         End      Blocks   Id  System

Command (m for help): n
Partition type:
   p   primary (0 primary, 0 extended, 4 free)
   e   extended
Select (default p): p
Partition number (1-4, default 1): 1
First sector (2048-41943039, default 2048):  					## 重新分区的起始扇区
Using default value 2048
Last sector, +sectors or +size{K,M,G} (2048-41943039, default 41943039): 
Using default value 41943039
Partition 1 of type Linux and of size 20 GiB is set

Command (m for help): p

Disk /dev/sdb: 21.5 GB, 21474836480 bytes, 41943040 sectors
Units = sectors of 1 * 512 = 512 bytes
Sector size (logical/physical): 512 bytes / 512 bytes
I/O size (minimum/optimal): 512 bytes / 512 bytes
Disk label type: dos
Disk identifier: 0xd670c828

   Device Boot      Start         End      Blocks   Id  System
/dev/sdb1            2048    41943039    20970496   83  Linux    ## 新分区表的扇区

Command (m for help): w
The partition table has been altered!

Calling ioctl() to re-read partition table.

WARNING: Re-reading the partition table failed with error 16: Device or resource busy.
The kernel still uses the old table. The new table will be used at
the next reboot or after you run partprobe(8) or kpartx(8)
Syncing disks.
########   注意:提示，内核繁忙，分区表信息，并没有写入，执行命令 partprobe 或者 kpartx


## 刷新内核读取
[root@centos-112 ~]# partprobe 
Error: Partition(s) 1 on /dev/sdb have been written, but we have been unable to inform the kernel of the change, probably because it/they are in use.  As a result, the old partition(s) will remain in use.  You should reboot now before making further changes.
[root@centos-112 ~]# umount /test
[root@centos-112 ~]# partprobe 
[root@centos-112 ~]# 

#########  注意: 一定不要在扩容的时候重新格式化，如果格式化，数据就丢失了
## 查看相关信息
[root@centos-112 ~]# lsblk 
NAME            MAJ:MIN RM  SIZE RO TYPE MOUNTPOINT
sda               8:0    0   20G  0 disk 
├─sda1            8:1    0    1G  0 part /boot
└─sda2            8:2    0   19G  0 part 
  ├─centos-root 253:0    0   18G  0 lvm  /
  └─centos-swap 253:1    0    1G  0 lvm  [SWAP]
sdb               8:16   0   20G  0 disk 
└─sdb1            8:17   0   20G  0 part 
sr0              11:0    1 1024M  0 rom  
[root@centos-112 ~]# blkid
/dev/sda1: UUID="fb3e90b1-fd08-40c3-9001-b41f17937245" TYPE="xfs" 
/dev/sda2: UUID="PnKGtp-tiGi-aKZp-xDlI-Wp7N-CVdR-eKOU2F" TYPE="LVM2_member" 
/dev/mapper/centos-root: UUID="6d2419c9-b8d1-4a89-843a-813b8b6e503d" TYPE="xfs" 
/dev/mapper/centos-swap: UUID="c59f03ff-16a0-4967-99f3-936d78ce40bb" TYPE="swap" 
/dev/sdb1: UUID="eb9e7d62-3636-4e98-a3a1-7bd3e73f7942" TYPE="ext4" 

## 进行扩容
[root@centos-112 ~]# e2fsck -f /dev/sdb1
e2fsck 1.42.9 (28-Dec-2013)
Pass 1: Checking inodes, blocks, and sizes
Pass 2: Checking directory structure
Pass 3: Checking directory connectivity
Pass 4: Checking reference counts
Pass 5: Checking group summary information
/dev/sdb1: 12/327680 files (0.0% non-contiguous), 58463/1310720 blocks
You have new mail in /var/spool/mail/root
[root@centos-112 ~]# resize2fs /dev/sdb1 20G
resize2fs 1.42.9 (28-Dec-2013)
The containing partition (or device) is only 5242624 (4k) blocks.
You requested a new size of 5242880 blocks.

## 重新挂载
[root@centos-112 ~]# mount /dev/sdb1 /test
[root@centos-112 ~]# ls test.tar.gz 
test.tar.gz
[root@centos-112 ~]# ls /test/
lost+found  testfile.txt
[root@centos-112 ~]# cat /test/testfile.txt 
1111111                                   ### 此时内容文件，目录内容都是存在的

```

#### 相关的问题
- 上面的操作貌似成功，分区显示 `20G` 但是
```bash
[root@centos-112 ~]# df -h
Filesystem               Size  Used Avail Use% Mounted on
/dev/mapper/centos-root   18G  2.2G   16G  12% /
devtmpfs                 234M     0  234M   0% /dev
tmpfs                    245M     0  245M   0% /dev/shm
tmpfs                    245M  8.4M  236M   4% /run
tmpfs                    245M     0  245M   0% /sys/fs/cgroup
/dev/sda1               1014M  125M  890M  13% /boot
tmpfs                     49M     0   49M   0% /run/user/0
/dev/sdb1                4.8G   20M  4.6G   1% /test
```
使用 `df -h` 发现，/test 目录依然是 5G
**请注意这个命令的返回信息**
```bash
[root@centos-112 ~]# resize2fs /dev/sdb1 20G
resize2fs 1.42.9 (28-Dec-2013)
The containing partition (or device) is only 5242624 (4k) blocks.
You requested a new size of 5242880 blocks.
```
可以发现，由于block磁盘块的原因，使得 /dev/sdb1 并没有 `20G`，无法扩容至 `20G`，此时:
直接使用 `resize2fs /dev/sdb1` 后面不加磁盘大小即可。
```bash
[root@centos-112 ~]# resize2fs /dev/sdb1
resize2fs 1.42.9 (28-Dec-2013)
Filesystem at /dev/sdb1 is mounted on /test; on-line resizing required
old_desc_blocks = 1, new_desc_blocks = 3
The filesystem on /dev/sdb1 is now 5242624 blocks long.

[root@centos-112 ~]# df -h
Filesystem               Size  Used Avail Use% Mounted on
/dev/mapper/centos-root   18G  2.2G   16G  12% /
devtmpfs                 234M     0  234M   0% /dev
tmpfs                    245M     0  245M   0% /dev/shm
tmpfs                    245M  8.4M  236M   4% /run
tmpfs                    245M     0  245M   0% /sys/fs/cgroup
/dev/sda1               1014M  125M  890M  13% /boot
tmpfs                     49M     0   49M   0% /run/user/0
/dev/sdb1                 20G   28M   19G   1% /test
```


### 线上服务器操作需要注意的细节
- 关闭相关目录占用的进程
- 或许存在 `swap` 在此挂载点
- 备份数据，上传 `aws s3`
- `lsof` 命令可以查看相关进程占用的目录
- 相关服务请关闭
- 胆大心细，认真操作
